#-----------------------------------------------------------
# Vivado v2018.3 (64-bit)
# SW Build 2405991 on Thu Dec  6 23:38:27 MST 2018
# IP Build 2404404 on Fri Dec  7 01:43:56 MST 2018
# Start of session at: Tue Jan 24 13:34:02 2023
# Process ID: 10680
# Current directory: C:/Users/arthu/Documents/ECE532/Tutorials/5_TCPClientUsingLWIP/GroupTask
# Command line: vivado.exe -gui_launcher_event rodinguilauncherevent8172 C:\Users\arthu\Documents\ECE532\Tutorials\5_TCPClientUsingLWIP\GroupTask\GroupTask.xpr
# Log file: C:/Users/arthu/Documents/ECE532/Tutorials/5_TCPClientUsingLWIP/GroupTask/vivado.log
# Journal file: C:/Users/arthu/Documents/ECE532/Tutorials/5_TCPClientUsingLWIP/GroupTask\vivado.jou
#-----------------------------------------------------------
start_guioopen_project C:/Users/arthu/Documents/ECE532/Tutorials/5_TCPClientUsingLWIP/GroupTask/GroupTask.xprupdate_compile_order -fileset sources_1
file mkdir C:/Users/arthu/Documents/ECE532/Tutorials/5_TCPClientUsingLWIP/GroupTask/GroupTask.sdk
file copy -force C:/Users/arthu/Documents/ECE532/Tutorials/5_TCPClientUsingLWIP/GroupTask/GroupTask.runs/impl_1/design_1_wrapper.sysdef C:/Users/arthu/Documents/ECE532/Tutorials/5_TCPClientUsingLWIP/GroupTask/GroupTask.sdk/design_1_wrapper.hdf

launch_sdk -workspace C:/Users/arthu/Documents/ECE532/Tutorials/5_TCPClientUsingLWIP/GroupTask/GroupTask.sdk -hwspec C:/Users/arthu/Documents/ECE532/Tutorials/5_TCPClientUsingLWIP/GroupTask/GroupTask.sdk/design_1_wrapper.hdf
