#-----------------------------------------------------------
# Vivado v2018.3 (64-bit)
# SW Build 2405991 on Thu Dec  6 23:38:27 MST 2018
# IP Build 2404404 on Fri Dec  7 01:43:56 MST 2018
# Start of session at: Tue Jan 24 12:17:23 2023
# Process ID: 6020
# Current directory: C:/Users/arthu/Documents/ECE532/Tutorials/5_TCPClientUsingLWIP/GroupTask
# Command line: vivado.exe -gui_launcher_event rodinguilauncherevent3756 C:\Users\arthu\Documents\ECE532\Tutorials\5_TCPClientUsingLWIP\GroupTask\GroupTask.xpr
# Log file: C:/Users/arthu/Documents/ECE532/Tutorials/5_TCPClientUsingLWIP/GroupTask/vivado.log
# Journal file: C:/Users/arthu/Documents/ECE532/Tutorials/5_TCPClientUsingLWIP/GroupTask\vivado.jou
#-----------------------------------------------------------
start_gui
open_project C:/Users/arthu/Documents/ECE532/Tutorials/5_TCPClientUsingLWIP/GroupTask/GroupTask.xpr
update_compile_order -fileset sources_1
close_project
open_project C:/Users/arthu/Documents/ECE532/Tutorials/5_TCPClientUsingLWIP/tutorial/tutorial.xpr
update_compile_order -fileset sources_1
launch_sdk -workspace C:/Users/arthu/Documents/ECE532/Tutorials/5_TCPClientUsingLWIP/tutorial/tutorial.sdk -hwspec C:/Users/arthu/Documents/ECE532/Tutorials/5_TCPClientUsingLWIP/tutorial/tutorial.sdk/design_1_wrapper.hdf
open_hw
connect_hw_server
open_hw_target
set_property PROGRAM.FILE {C:/Users/arthu/Documents/ECE532/Tutorials/5_TCPClientUsingLWIP/tutorial/tutorial.runs/impl_1/design_1_wrapper.bit} [get_hw_devices xc7a100t_0]
current_hw_device [get_hw_devices xc7a100t_0]
refresh_hw_device -update_hw_probes false [lindex [get_hw_devices xc7a100t_0] 0]
set_property PROBES.FILE {} [get_hw_devices xc7a100t_0]
set_property FULL_PROBES.FILE {} [get_hw_devices xc7a100t_0]
set_property PROGRAM.FILE {C:/Users/arthu/Documents/ECE532/Tutorials/5_TCPClientUsingLWIP/tutorial/tutorial.runs/impl_1/design_1_wrapper.bit} [get_hw_devices xc7a100t_0]
program_hw_devices [get_hw_devices xc7a100t_0]
refresh_hw_device [lindex [get_hw_devices xc7a100t_0] 0]
open_project C:/Users/arthu/Documents/ECE532/Tutorials/5_TCPClientUsingLWIP/GroupTask/GroupTask.xpr
current_project tutorial
close_project
update_compile_order -fileset sources_1
open_bd_design {C:/Users/arthu/Documents/ECE532/Tutorials/5_TCPClientUsingLWIP/GroupTask/GroupTask.srcs/sources_1/bd/design_1/design_1.bd}
close_bd_design [get_bd_designs design_1]
launch_sdk -workspace C:/Users/arthu/Documents/ECE532/Tutorials/5_TCPClientUsingLWIP/GroupTask/GroupTask.sdk -hwspec C:/Users/arthu/Documents/ECE532/Tutorials/5_TCPClientUsingLWIP/GroupTask/GroupTask.sdk/design_1_wrapper.hdf
open_hw
connect_hw_server
open_hw_target
set_property PROGRAM.FILE {C:/Users/arthu/Documents/ECE532/Tutorials/5_TCPClientUsingLWIP/GroupTask/GroupTask.runs/impl_1/design_1_wrapper.bit} [get_hw_devices xc7a100t_0]
set_property PROBES.FILE {C:/Users/arthu/Documents/ECE532/Tutorials/5_TCPClientUsingLWIP/GroupTask/GroupTask.runs/impl_1/design_1_wrapper.ltx} [get_hw_devices xc7a100t_0]
set_property FULL_PROBES.FILE {C:/Users/arthu/Documents/ECE532/Tutorials/5_TCPClientUsingLWIP/GroupTask/GroupTask.runs/impl_1/design_1_wrapper.ltx} [get_hw_devices xc7a100t_0]
current_hw_device [get_hw_devices xc7a100t_0]
refresh_hw_device [lindex [get_hw_devices xc7a100t_0] 0]
set_property PROBES.FILE {C:/Users/arthu/Documents/ECE532/Tutorials/5_TCPClientUsingLWIP/GroupTask/GroupTask.runs/impl_1/design_1_wrapper.ltx} [get_hw_devices xc7a100t_0]
set_property FULL_PROBES.FILE {C:/Users/arthu/Documents/ECE532/Tutorials/5_TCPClientUsingLWIP/GroupTask/GroupTask.runs/impl_1/design_1_wrapper.ltx} [get_hw_devices xc7a100t_0]
set_property PROGRAM.FILE {C:/Users/arthu/Documents/ECE532/Tutorials/5_TCPClientUsingLWIP/GroupTask/GroupTask.runs/impl_1/design_1_wrapper.bit} [get_hw_devices xc7a100t_0]
program_hw_devices [get_hw_devices xc7a100t_0]
refresh_hw_device [lindex [get_hw_devices xc7a100t_0] 0]
display_hw_ila_data [ get_hw_ila_data hw_ila_data_1 -of_objects [get_hw_ilas -of_objects [get_hw_devices xc7a100t_0] -filter {CELL_NAME=~"design_1_i/system_ila_0/inst/ila_lib"}]]
set_property TRIGGER_COMPARE_VALUE eq1'b1 [get_hw_probes design_1_i/system_ila_0/inst/net_slot_0_axi_arvalid -of_objects [get_hw_ilas -of_objects [get_hw_devices xc7a100t_0] -filter {CELL_NAME=~"design_1_i/system_ila_0/inst/ila_lib"}]]
set_property TRIGGER_COMPARE_VALUE eq1'b1 [get_hw_probes design_1_i/system_ila_0/inst/net_slot_0_axi_arready -of_objects [get_hw_ilas -of_objects [get_hw_devices xc7a100t_0] -filter {CELL_NAME=~"design_1_i/system_ila_0/inst/ila_lib"}]]
run_hw_ila [get_hw_ilas -of_objects [get_hw_devices xc7a100t_0] -filter {CELL_NAME=~"design_1_i/system_ila_0/inst/ila_lib"}]
wait_on_hw_ila [get_hw_ilas -of_objects [get_hw_devices xc7a100t_0] -filter {CELL_NAME=~"design_1_i/system_ila_0/inst/ila_lib"}]
display_hw_ila_data [upload_hw_ila_data [get_hw_ilas -of_objects [get_hw_devices xc7a100t_0] -filter {CELL_NAME=~"design_1_i/system_ila_0/inst/ila_lib"}]]
add_wave -into {hw_ila_data_1.wcfg} -radix hex { {design_1_i/system_ila_0/inst/net_slot_0_axi_ar_cnt} {design_1_i/system_ila_0/inst/net_slot_0_axi_araddr} {AR_Channel_(i1:s0)_(microblaze_0_axi_periph_M02_AXI)} {design_1_i/system_ila_0/inst/net_slot_0_axi_arprot} {design_1_i/system_ila_0/inst/net_slot_0_axi_arready} }
set_property NAME.CUSTOM {slot_0 : microblaze_0_axi_periph_M02_AXI : AR_CNT} [get_hw_probes design_1_i/system_ila_0/inst/net_slot_0_axi_ar_cnt] 
set_property NAME.CUSTOM {slot_0 : microblaze_0_axi_periph_M02_AXI : ARADDR} [get_hw_probes design_1_i/system_ila_0/inst/net_slot_0_axi_araddr] 
set_property NAME.CUSTOM {slot_0 : microblaze_0_axi_periph_M02_AXI : AR Channel  Events} [get_hw_probes AR_Channel_(i1:s0)_(microblaze_0_axi_periph_M02_AXI)] 
set_property NAME.CUSTOM {slot_0 : microblaze_0_axi_periph_M02_AXI : ARPROT} [get_hw_probes design_1_i/system_ila_0/inst/net_slot_0_axi_arprot] 
set_property NAME.CUSTOM {slot_0 : microblaze_0_axi_periph_M02_AXI : ARREADY} [get_hw_probes design_1_i/system_ila_0/inst/net_slot_0_axi_arready] 
add_wave -into {hw_ila_data_1.wcfg} -radix hex { {design_1_i/system_ila_0/inst/net_slot_0_axi_r_cnt} {R_Channel_(i1:s0)_(microblaze_0_axi_periph_M02_AXI)} {design_1_i/system_ila_0/inst/net_slot_0_axi_rdata} {slot_0___microblaze_0_axi_periph_M02_AXI___Read_Transactions_0} {design_1_i/system_ila_0/inst/net_slot_0_axi_rready} {design_1_i/system_ila_0/inst/net_slot_0_axi_rresp} {design_1_i/system_ila_0/inst/net_slot_0_axi_rvalid} }
set_property NAME.CUSTOM {slot_0 : microblaze_0_axi_periph_M02_AXI : R_CNT} [get_hw_probes design_1_i/system_ila_0/inst/net_slot_0_axi_r_cnt] 
set_property NAME.CUSTOM {slot_0 : microblaze_0_axi_periph_M02_AXI : R Channel  Events} [get_hw_probes R_Channel_(i1:s0)_(microblaze_0_axi_periph_M02_AXI)] 
set_property NAME.CUSTOM {slot_0 : microblaze_0_axi_periph_M02_AXI : RDATA} [get_hw_probes design_1_i/system_ila_0/inst/net_slot_0_axi_rdata] 
set_property NAME.CUSTOM {slot_0 : microblaze_0_axi_periph_M02_AXI : Read Transactions 0} [get_hw_probes slot_0___microblaze_0_axi_periph_M02_AXI___Read_Transactions_0] 
set_property NAME.CUSTOM {slot_0 : microblaze_0_axi_periph_M02_AXI : RREADY} [get_hw_probes design_1_i/system_ila_0/inst/net_slot_0_axi_rready] 
set_property NAME.CUSTOM {slot_0 : microblaze_0_axi_periph_M02_AXI : RRESP} [get_hw_probes design_1_i/system_ila_0/inst/net_slot_0_axi_rresp] 
set_property NAME.CUSTOM {slot_0 : microblaze_0_axi_periph_M02_AXI : RVALID} [get_hw_probes design_1_i/system_ila_0/inst/net_slot_0_axi_rvalid] 
open_bd_design {C:/Users/arthu/Documents/ECE532/Tutorials/5_TCPClientUsingLWIP/GroupTask/GroupTask.srcs/sources_1/bd/design_1/design_1.bd}
file copy -force C:/Users/arthu/Documents/ECE532/Tutorials/5_TCPClientUsingLWIP/GroupTask/GroupTask.runs/impl_1/design_1_wrapper.sysdef C:/Users/arthu/Documents/ECE532/Tutorials/5_TCPClientUsingLWIP/GroupTask/GroupTask.sdk/design_1_wrapper.hdf

launch_sdk -workspace C:/Users/arthu/Documents/ECE532/Tutorials/5_TCPClientUsingLWIP/GroupTask/GroupTask.sdk -hwspec C:/Users/arthu/Documents/ECE532/Tutorials/5_TCPClientUsingLWIP/GroupTask/GroupTask.sdk/design_1_wrapper.hdf
synth_design -rtl -name rtl_1
open_bd_design {C:/Users/arthu/Documents/ECE532/Tutorials/5_TCPClientUsingLWIP/GroupTask/GroupTask.srcs/sources_1/bd/design_1/design_1.bd}
run_hw_ila [get_hw_ilas -of_objects [get_hw_devices xc7a100t_0] -filter {CELL_NAME=~"design_1_i/system_ila_0/inst/ila_lib"}]
run_hw_ila [get_hw_ilas -of_objects [get_hw_devices xc7a100t_0] -filter {CELL_NAME=~"design_1_i/system_ila_0/inst/ila_lib"}]
file copy -force C:/Users/arthu/Documents/ECE532/Tutorials/5_TCPClientUsingLWIP/GroupTask/GroupTask.runs/impl_1/design_1_wrapper.sysdef C:/Users/arthu/Documents/ECE532/Tutorials/5_TCPClientUsingLWIP/GroupTask/GroupTask.sdk/design_1_wrapper.hdf

launch_sdk -workspace C:/Users/arthu/Documents/ECE532/Tutorials/5_TCPClientUsingLWIP/GroupTask/GroupTask.sdk -hwspec C:/Users/arthu/Documents/ECE532/Tutorials/5_TCPClientUsingLWIP/GroupTask/GroupTask.sdk/design_1_wrapper.hdf
set_property PROBES.FILE {C:/Users/arthu/Documents/ECE532/Tutorials/5_TCPClientUsingLWIP/GroupTask/GroupTask.runs/impl_1/design_1_wrapper.ltx} [get_hw_devices xc7a100t_0]
set_property FULL_PROBES.FILE {C:/Users/arthu/Documents/ECE532/Tutorials/5_TCPClientUsingLWIP/GroupTask/GroupTask.runs/impl_1/design_1_wrapper.ltx} [get_hw_devices xc7a100t_0]
set_property PROGRAM.FILE {C:/Users/arthu/Documents/ECE532/Tutorials/5_TCPClientUsingLWIP/GroupTask/GroupTask.runs/impl_1/design_1_wrapper.bit} [get_hw_devices xc7a100t_0]
program_hw_devices [get_hw_devices xc7a100t_0]
refresh_hw_device [lindex [get_hw_devices xc7a100t_0] 0]
display_hw_ila_data [ get_hw_ila_data hw_ila_data_1 -of_objects [get_hw_ilas -of_objects [get_hw_devices xc7a100t_0] -filter {CELL_NAME=~"design_1_i/system_ila_0/inst/ila_lib"}]]
run_hw_ila [get_hw_ilas -of_objects [get_hw_devices xc7a100t_0] -filter {CELL_NAME=~"design_1_i/system_ila_0/inst/ila_lib"}]
save_wave_config {C:/Users/arthu/Documents/ECE532/Tutorials/5_TCPClientUsingLWIP/GroupTask/GroupTask.hw/hw_1/wave/hw_ila_data_1/hw_ila_data_1.wcfg}
